// Jest Snapshot v1, https://goo.gl/fbAQLP

exports[`<Controls /> renders correctly 1`] = `
<View
  style={
    Object {
      "display": "flex",
      "flexDirection": "row",
      "justifyContent": "center",
      "padding": 10,
    }
  }
>
  <Styled(PickerNB)
    iosHeader="Chart Type"
    mode="dropdown"
    onValueChange={[Function]}
    selectedValue="candle"
    style={
      Object {
        "backgroundColor": "rgba(0, 0, 0, 0.05)",
        "display": "flex",
        "flex": 1,
        "justifyContent": "center",
        "marginLeft": 2,
        "marginRight": 2,
      }
    }
    supportedOrientations={
      Array [
        "portrait",
        "landscape",
      ]
    }
    virtual={undefined}
  >
    <Item
      label="Line"
      value="line"
    />
    <Item
      label="Candle"
      value="candle"
    />
  </Styled(PickerNB)>
  <Styled(PickerNB)
    iosHeader="Granularity"
    mode="dropdown"
    onValueChange={[Function]}
    selectedValue={300}
    style={
      Object {
        "backgroundColor": "rgba(0, 0, 0, 0.05)",
        "display": "flex",
        "flex": 1,
        "justifyContent": "center",
        "marginLeft": 2,
        "marginRight": 2,
      }
    }
    supportedOrientations={
      Array [
        "portrait",
        "landscape",
      ]
    }
    virtual={undefined}
  >
    <Item
      label="1m"
      value={60}
    />
    <Item
      label="5m"
      value={300}
    />
    <Item
      label="15m"
      value={900}
    />
    <Item
      label="1h"
      value={3600}
    />
    <Item
      label="6h"
      value={21600}
    />
    <Item
      label="1d"
      value={86400}
    />
  </Styled(PickerNB)>
  <Styled(PickerNB)
    iosHeader="Currency Pair"
    mode="dropdown"
    onValueChange={[Function]}
    selectedValue="BTC-USD"
    style={
      Object {
        "backgroundColor": "rgba(0, 0, 0, 0.05)",
        "display": "flex",
        "flex": 1,
        "justifyContent": "center",
        "marginLeft": 2,
        "marginRight": 2,
      }
    }
    supportedOrientations={
      Array [
        "portrait",
        "landscape",
      ]
    }
    virtual={undefined}
  >
    <Item
      label="BTC-USD"
      value="BTC-USD"
    />
    <Item
      label="ETH-USD"
      value="ETH-USD"
    />
  </Styled(PickerNB)>
</View>
`;
